                                      1 ;--------------------------------------------------------
                                      2 ; File Created by SDCC : free open source ISO C Compiler
                                      3 ; Version 4.5.0 #15242 (Linux)
                                      4 ;--------------------------------------------------------
                                      5 	.module main
                                      6 	
                                      7 	.optsdcc -mz80 sdcccall(1)
                                      8 ;--------------------------------------------------------
                                      9 ; Public variables in this module
                                     10 ;--------------------------------------------------------
                                     11 	.globl _main
                                     12 	.globl _vy
                                     13 	.globl _vx
                                     14 	.globl _y
                                     15 	.globl _x
                                     16 	.globl _delay500ms
                                     17 	.globl _delay
                                     18 	.globl _I2C_Open
                                     19 	.globl _I2C_Close
                                     20 	.globl _I2C_Read
                                     21 	.globl _I2C_Write
                                     22 	.globl _keyboardIsEsc
                                     23 	.globl _keyboardWaitA
                                     24 	.globl _keyboardA
                                     25 	.globl _setDefaultSerialA
                                     26 	.globl _setDefaultSerialB
                                     27 	.globl _serialPrintA
                                     28 	.globl _serialInputA
                                     29 	.globl _serialPrintStr
                                     30 	.globl _serialCRLF
                                     31 	.globl _serialHexA
                                     32 	.globl _serialHexHL
                                     33 	.globl _serialInHexA
                                     34 	.globl _serialInHexHL
                                     35 	.globl _initLCD
                                     36 	.globl _clearGBUF
                                     37 	.globl _clearGrLCD
                                     38 	.globl _clearTxtLCD
                                     39 	.globl _setGrMode
                                     40 	.globl _setTxtMode
                                     41 	.globl _drawBox
                                     42 	.globl _drawLine
                                     43 	.globl _fillBox
                                     44 	.globl _drawCircle
                                     45 	.globl _fillCircle
                                     46 	.globl _drawPixel
                                     47 	.globl _clearPixel
                                     48 	.globl _flipPixel
                                     49 	.globl _plotToLCD
                                     50 	.globl _printString
                                     51 	.globl _printChars
                                     52 	.globl _setBufClear
                                     53 	.globl _setBufNoClear
                                     54 	.globl _drawGraphic
                                     55 	.globl _invGraphic
                                     56 	.globl _initTerminal
                                     57 	.globl _sendCharToLCD
                                     58 	.globl _sendStringToLCD
                                     59 	.globl _sendRegToLCD
                                     60 	.globl _sendHLToLCD
                                     61 	.globl _setCursor
                                     62 	.globl _getCursor
                                     63 	.globl _displayCursor
                                     64 	.globl _autoLF
                                     65 	.globl _underline
                                     66 	.globl _plotAlways
                                     67 ;--------------------------------------------------------
                                     68 ; special function registers
                                     69 ;--------------------------------------------------------
                                     70 ;--------------------------------------------------------
                                     71 ; ram data
                                     72 ;--------------------------------------------------------
                                     73 	.area _DATA
                                     74 ;--------------------------------------------------------
                                     75 ; ram data
                                     76 ;--------------------------------------------------------
                                     77 	.area _INITIALIZED
    00000000                         78 _x::
    00000000                         79 	.ds 1
    00000001                         80 _y::
    00000001                         81 	.ds 1
    00000002                         82 _vx::
    00000002                         83 	.ds 1
    00000003                         84 _vy::
    00000003                         85 	.ds 1
                                     86 ;--------------------------------------------------------
                                     87 ; absolute external ram data
                                     88 ;--------------------------------------------------------
                                     89 	.area _DABS (ABS)
                                     90 ;--------------------------------------------------------
                                     91 ; global & static initialisations
                                     92 ;--------------------------------------------------------
                                     93 	.area _HOME
                                     94 	.area _GSINIT
                                     95 	.area _GSFINAL
                                     96 	.area _GSINIT
                                     97 ;--------------------------------------------------------
                                     98 ; Home
                                     99 ;--------------------------------------------------------
                                    100 	.area _HOME
                                    101 	.area _HOME
                                    102 ;--------------------------------------------------------
                                    103 ; code
                                    104 ;--------------------------------------------------------
                                    105 	.area _CODE
                                    106 ;main.c:8: void main(void) {
                                    107 ;	---------------------------------
                                    108 ; Function main
                                    109 ; ---------------------------------
    00000000                        110 _main::
                                    111 ;main.c:10: x = 3;
    00000000 21r00r00         [10]  112 	ld	hl, #_x
    00000003 36 03            [10]  113 	ld	(hl), #0x03
                                    114 ;main.c:11: y = 3;
    00000005 21r01r00         [10]  115 	ld	hl, #_y
    00000008 36 03            [10]  116 	ld	(hl), #0x03
                                    117 ;main.c:12: vx=2;
    0000000A 21r02r00         [10]  118 	ld	hl, #_vx
    0000000D 36 02            [10]  119 	ld	(hl), #0x02
                                    120 ;main.c:13: vy=2;
    0000000F 21r03r00         [10]  121 	ld	hl, #_vy
    00000012 36 02            [10]  122 	ld	(hl), #0x02
                                    123 ;main.c:16: while(TRUE) {
    00000014                        124 00110$:
                                    125 ;main.c:17: clearGBUF();
    00000014 CDrDAr00         [17]  126 	call	_clearGBUF
                                    127 ;main.c:18: drawBox(0,0,127,63);
    00000017 21 7F 3F         [10]  128 	ld	hl, #0x3f7f
    0000001A E5               [11]  129 	push	hl
    0000001B AF               [ 4]  130 	xor	a, a
    0000001C 6F               [ 4]  131 	ld	l, a
    0000001D CDrEEr00         [17]  132 	call	_drawBox
                                    133 ;main.c:19: setCursor(x, y);
    00000020 3Ar01r00         [13]  134 	ld	a, (_y)
    00000023 6F               [ 4]  135 	ld	l, a
    00000024 3Ar00r00         [13]  136 	ld	a, (_x)
    00000027 CDr6Ar01         [17]  137 	call	_setCursor
                                    138 ;main.c:20: sendStringToLCD("Z80Mini");
    0000002A 21r81r00         [10]  139 	ld	hl, #___str_0
    0000002D CDr5Br01         [17]  140 	call	_sendStringToLCD
                                    141 ;main.c:23: if(x > 84) {
    00000030 3E 54            [ 7]  142 	ld	a, #0x54
    00000032 21r00r00         [10]  143 	ld	hl, #_x
    00000035 96               [ 7]  144 	sub	a, (hl)
    00000036 30 05            [12]  145 	jr	NC, 00102$
                                    146 ;main.c:24: vx=-2;
    00000038 21r02r00         [10]  147 	ld	hl, #_vx
    0000003B 36 FE            [10]  148 	ld	(hl), #0xfe
    0000003D                        149 00102$:
                                    150 ;main.c:26: if (y > 55) {
    0000003D 3E 37            [ 7]  151 	ld	a, #0x37
    0000003F 21r01r00         [10]  152 	ld	hl, #_y
    00000042 96               [ 7]  153 	sub	a, (hl)
    00000043 30 05            [12]  154 	jr	NC, 00104$
                                    155 ;main.c:27: vy=-2;
    00000045 21r03r00         [10]  156 	ld	hl, #_vy
    00000048 36 FE            [10]  157 	ld	(hl), #0xfe
    0000004A                        158 00104$:
                                    159 ;main.c:29: if(x < 2) {
    0000004A 3Ar00r00         [13]  160 	ld	a, (#_x)
    0000004D D6 02            [ 7]  161 	sub	a, #0x02
    0000004F 30 05            [12]  162 	jr	NC, 00106$
                                    163 ;main.c:30: vx=2;
    00000051 21r02r00         [10]  164 	ld	hl, #_vx
    00000054 36 02            [10]  165 	ld	(hl), #0x02
    00000056                        166 00106$:
                                    167 ;main.c:32: if(y < 2) {
    00000056 3Ar01r00         [13]  168 	ld	a, (#_y)
    00000059 D6 02            [ 7]  169 	sub	a, #0x02
    0000005B 30 05            [12]  170 	jr	NC, 00108$
                                    171 ;main.c:33: vy=2;
    0000005D 21r03r00         [10]  172 	ld	hl, #_vy
    00000060 36 02            [10]  173 	ld	(hl), #0x02
    00000062                        174 00108$:
                                    175 ;main.c:36: plotToLCD();
    00000062 CDr34r01         [17]  176 	call	_plotToLCD
                                    177 ;main.c:38: delay(10);
    00000065 21 0A 00         [10]  178 	ld	hl, #0x000a
    00000068 CDr8Dr00         [17]  179 	call	_delay
                                    180 ;main.c:40: x = x+vx;
    0000006B 3Ar00r00         [13]  181 	ld	a, (_x)
    0000006E 21r02r00         [10]  182 	ld	hl, #_vx
    00000071 86               [ 7]  183 	add	a, (hl)
    00000072 32r00r00         [13]  184 	ld	(#_x),a
                                    185 ;main.c:41: y = y+vy;
    00000075 3Ar01r00         [13]  186 	ld	a, (_y)
    00000078 21r03r00         [10]  187 	ld	hl, #_vy
    0000007B 86               [ 7]  188 	add	a, (hl)
    0000007C 32r01r00         [13]  189 	ld	(#_y),a
                                    190 ;main.c:44: }
    0000007F 18 93            [12]  191 	jr	00110$
    00000081                        192 ___str_0:
    00000081 5A 38 30 4D 69 6E 69   193 	.ascii "Z80Mini"
    00000088 00                     194 	.db 0x00
                                    195 ;../Z80Mini.c:11: void delay500ms(void) __naked
                                    196 ;	---------------------------------
                                    197 ; Function delay500ms
                                    198 ; ---------------------------------
    00000089                        199 _delay500ms::
                                    200 ;../Z80Mini.c:16: __endasm;
    00000089 CD 00 01         [17]  201 	call	0x0100
    0000008C C9               [10]  202 	ret
                                    203 ;../Z80Mini.c:17: }
                                    204 ;../Z80Mini.c:19: void delay(uint16_t ms) __naked __sdcccall(1)
                                    205 ;	---------------------------------
                                    206 ; Function delay
                                    207 ; ---------------------------------
    0000008D                        208 _delay::
                                    209 ;../Z80Mini.c:29: __endasm;
    0000008D EB               [ 4]  210 	ex	de,hl
    0000008E CD 03 01         [17]  211 	call	0x0103
    00000091 C9               [10]  212 	ret
                                    213 ;../Z80Mini.c:30: }
                                    214 ;../Z80Mini.c:36: void I2C_Open(uint8_t addr) __naked __sdcccall(1)
                                    215 ;	---------------------------------
                                    216 ; Function I2C_Open
                                    217 ; ---------------------------------
    00000092                        218 _I2C_Open::
                                    219 ;../Z80Mini.c:43: __endasm;
    00000092 CD 06 01         [17]  220 	call	0x0106
    00000095 C9               [10]  221 	ret
                                    222 ;../Z80Mini.c:44: }
                                    223 ;../Z80Mini.c:46: void I2C_Close(void) __naked
                                    224 ;	---------------------------------
                                    225 ; Function I2C_Close
                                    226 ; ---------------------------------
    00000096                        227 _I2C_Close::
                                    228 ;../Z80Mini.c:51: __endasm;
    00000096 CD 09 01         [17]  229 	call	0x0109
    00000099 C9               [10]  230 	ret
                                    231 ;../Z80Mini.c:52: }
                                    232 ;../Z80Mini.c:54: uint8_t I2C_Read(void) __naked
                                    233 ;	---------------------------------
                                    234 ; Function I2C_Read
                                    235 ; ---------------------------------
    0000009A                        236 _I2C_Read::
                                    237 ;../Z80Mini.c:59: __endasm;
    0000009A CD 0C 01         [17]  238 	call	0x010C
    0000009D C9               [10]  239 	ret
                                    240 ;../Z80Mini.c:60: }
                                    241 ;../Z80Mini.c:62: void I2C_Write(uint8_t data) __naked __sdcccall(1)
                                    242 ;	---------------------------------
                                    243 ; Function I2C_Write
                                    244 ; ---------------------------------
    0000009E                        245 _I2C_Write::
                                    246 ;../Z80Mini.c:69: __endasm;
    0000009E CD 0F 01         [17]  247 	call	0x010F
    000000A1 C9               [10]  248 	ret
                                    249 ;../Z80Mini.c:70: }
                                    250 ;../Z80Mini.c:76: uint8_t keyboardIsEsc(void) __naked
                                    251 ;	---------------------------------
                                    252 ; Function keyboardIsEsc
                                    253 ; ---------------------------------
    000000A2                        254 _keyboardIsEsc::
                                    255 ;../Z80Mini.c:81: __endasm;
    000000A2 CD 12 01         [17]  256 	call	0x0112
    000000A5 C9               [10]  257 	ret
                                    258 ;../Z80Mini.c:82: }
                                    259 ;../Z80Mini.c:84: uint8_t keyboardWaitA(void) __naked
                                    260 ;	---------------------------------
                                    261 ; Function keyboardWaitA
                                    262 ; ---------------------------------
    000000A6                        263 _keyboardWaitA::
                                    264 ;../Z80Mini.c:89: __endasm;
    000000A6 CD 15 01         [17]  265 	call	0x0115
    000000A9 C9               [10]  266 	ret
                                    267 ;../Z80Mini.c:90: }
                                    268 ;../Z80Mini.c:92: uint8_t keyboardA(void) __naked
                                    269 ;	---------------------------------
                                    270 ; Function keyboardA
                                    271 ; ---------------------------------
    000000AA                        272 _keyboardA::
                                    273 ;../Z80Mini.c:97: __endasm;
    000000AA CD 18 01         [17]  274 	call	0x0118
    000000AD C9               [10]  275 	ret
                                    276 ;../Z80Mini.c:98: }
                                    277 ;../Z80Mini.c:104: void setDefaultSerialA(void) __naked
                                    278 ;	---------------------------------
                                    279 ; Function setDefaultSerialA
                                    280 ; ---------------------------------
    000000AE                        281 _setDefaultSerialA::
                                    282 ;../Z80Mini.c:109: __endasm;
    000000AE CD 1B 01         [17]  283 	call	0x011B
    000000B1 C9               [10]  284 	ret
                                    285 ;../Z80Mini.c:110: }
                                    286 ;../Z80Mini.c:112: void setDefaultSerialB(void) __naked
                                    287 ;	---------------------------------
                                    288 ; Function setDefaultSerialB
                                    289 ; ---------------------------------
    000000B2                        290 _setDefaultSerialB::
                                    291 ;../Z80Mini.c:117: __endasm;
    000000B2 CD 1E 01         [17]  292 	call	0x011E
    000000B5 C9               [10]  293 	ret
                                    294 ;../Z80Mini.c:118: }
                                    295 ;../Z80Mini.c:120: void serialPrintA(uint8_t c) __naked __sdcccall(1)
                                    296 ;	---------------------------------
                                    297 ; Function serialPrintA
                                    298 ; ---------------------------------
    000000B6                        299 _serialPrintA::
                                    300 ;../Z80Mini.c:127: __endasm;
    000000B6 CD 21 01         [17]  301 	call	0x0121
    000000B9 C9               [10]  302 	ret
                                    303 ;../Z80Mini.c:128: }
                                    304 ;../Z80Mini.c:130: uint8_t serialInputA(void) __naked
                                    305 ;	---------------------------------
                                    306 ; Function serialInputA
                                    307 ; ---------------------------------
    000000BA                        308 _serialInputA::
                                    309 ;../Z80Mini.c:135: __endasm;
    000000BA CD 24 01         [17]  310 	call	0x0124
    000000BD C9               [10]  311 	ret
                                    312 ;../Z80Mini.c:136: }
                                    313 ;../Z80Mini.c:138: void serialPrintStr(char *s) __naked __sdcccall(1)
                                    314 ;	---------------------------------
                                    315 ; Function serialPrintStr
                                    316 ; ---------------------------------
    000000BE                        317 _serialPrintStr::
                                    318 ;../Z80Mini.c:145: __endasm;
    000000BE CD 27 01         [17]  319 	call	0x0127
    000000C1 C9               [10]  320 	ret
                                    321 ;../Z80Mini.c:146: }
                                    322 ;../Z80Mini.c:148: void serialCRLF(void) __naked
                                    323 ;	---------------------------------
                                    324 ; Function serialCRLF
                                    325 ; ---------------------------------
    000000C2                        326 _serialCRLF::
                                    327 ;../Z80Mini.c:153: __endasm;
    000000C2 CD 2A 01         [17]  328 	call	0x012A
    000000C5 C9               [10]  329 	ret
                                    330 ;../Z80Mini.c:154: }
                                    331 ;../Z80Mini.c:156: void serialHexA(uint8_t v) __naked __sdcccall(1)
                                    332 ;	---------------------------------
                                    333 ; Function serialHexA
                                    334 ; ---------------------------------
    000000C6                        335 _serialHexA::
                                    336 ;../Z80Mini.c:163: __endasm;
    000000C6 CD 2D 01         [17]  337 	call	0x012D
    000000C9 C9               [10]  338 	ret
                                    339 ;../Z80Mini.c:164: }
                                    340 ;../Z80Mini.c:166: void serialHexHL(uint16_t v) __naked __sdcccall(1)
                                    341 ;	---------------------------------
                                    342 ; Function serialHexHL
                                    343 ; ---------------------------------
    000000CA                        344 _serialHexHL::
                                    345 ;../Z80Mini.c:173: __endasm;
    000000CA CD 30 01         [17]  346 	call	0x0130
    000000CD C9               [10]  347 	ret
                                    348 ;../Z80Mini.c:174: }
                                    349 ;../Z80Mini.c:176: uint8_t serialInHexA(void) __naked
                                    350 ;	---------------------------------
                                    351 ; Function serialInHexA
                                    352 ; ---------------------------------
    000000CE                        353 _serialInHexA::
                                    354 ;../Z80Mini.c:181: __endasm;
    000000CE CD 33 01         [17]  355 	call	0x0133
    000000D1 C9               [10]  356 	ret
                                    357 ;../Z80Mini.c:182: }
                                    358 ;../Z80Mini.c:184: uint16_t serialInHexHL(void) __naked
                                    359 ;	---------------------------------
                                    360 ; Function serialInHexHL
                                    361 ; ---------------------------------
    000000D2                        362 _serialInHexHL::
                                    363 ;../Z80Mini.c:189: __endasm;
    000000D2 CD 36 01         [17]  364 	call	0x0136
    000000D5 C9               [10]  365 	ret
                                    366 ;../Z80Mini.c:190: }
                                    367 ;../Z80Mini.c:196: void initLCD(void) __naked
                                    368 ;	---------------------------------
                                    369 ; Function initLCD
                                    370 ; ---------------------------------
    000000D6                        371 _initLCD::
                                    372 ;../Z80Mini.c:201: __endasm;
    000000D6 CD 39 01         [17]  373 	call	0x0139
    000000D9 C9               [10]  374 	ret
                                    375 ;../Z80Mini.c:202: }
                                    376 ;../Z80Mini.c:204: void clearGBUF(void) __naked
                                    377 ;	---------------------------------
                                    378 ; Function clearGBUF
                                    379 ; ---------------------------------
    000000DA                        380 _clearGBUF::
                                    381 ;../Z80Mini.c:211: __endasm;
    000000DA CD 3C 01         [17]  382 	call	0x013C
    000000DD C9               [10]  383 	ret
                                    384 ;../Z80Mini.c:212: }
                                    385 ;../Z80Mini.c:214: void clearGrLCD(void) __naked
                                    386 ;	---------------------------------
                                    387 ; Function clearGrLCD
                                    388 ; ---------------------------------
    000000DE                        389 _clearGrLCD::
                                    390 ;../Z80Mini.c:219: __endasm;
    000000DE CD 3F 01         [17]  391 	call	0x013F
    000000E1 C9               [10]  392 	ret
                                    393 ;../Z80Mini.c:220: }
                                    394 ;../Z80Mini.c:222: void clearTxtLCD(void) __naked
                                    395 ;	---------------------------------
                                    396 ; Function clearTxtLCD
                                    397 ; ---------------------------------
    000000E2                        398 _clearTxtLCD::
                                    399 ;../Z80Mini.c:227: __endasm;
    000000E2 CD 42 01         [17]  400 	call	0x0142
    000000E5 C9               [10]  401 	ret
                                    402 ;../Z80Mini.c:228: }
                                    403 ;../Z80Mini.c:230: void setGrMode(void) __naked
                                    404 ;	---------------------------------
                                    405 ; Function setGrMode
                                    406 ; ---------------------------------
    000000E6                        407 _setGrMode::
                                    408 ;../Z80Mini.c:235: __endasm;
    000000E6 CD 45 01         [17]  409 	call	0x0145
    000000E9 C9               [10]  410 	ret
                                    411 ;../Z80Mini.c:236: }
                                    412 ;../Z80Mini.c:238: void setTxtMode(void) __naked
                                    413 ;	---------------------------------
                                    414 ; Function setTxtMode
                                    415 ; ---------------------------------
    000000EA                        416 _setTxtMode::
                                    417 ;../Z80Mini.c:243: __endasm;
    000000EA CD 48 01         [17]  418 	call	0x0148
    000000ED C9               [10]  419 	ret
                                    420 ;../Z80Mini.c:244: }
                                    421 ;../Z80Mini.c:250: void drawBox(
                                    422 ;	---------------------------------
                                    423 ; Function drawBox
                                    424 ; ---------------------------------
    000000EE                        425 _drawBox::
                                    426 ;../Z80Mini.c:277: __endasm;
    000000EE 47               [ 4]  427 	ld	b, a
    000000EF 4D               [ 4]  428 	ld	c, l
    000000F0 E1               [10]  429 	pop	hl
    000000F1 E3               [19]  430 	ex	(sp), hl
    000000F2 55               [ 4]  431 	ld	d, l
    000000F3 5C               [ 4]  432 	ld	e, h
    000000F4 CD 4B 01         [17]  433 	call	0x014B
    000000F7 C9               [10]  434 	ret
                                    435 ;../Z80Mini.c:278: }
                                    436 ;../Z80Mini.c:280: void drawLine(
                                    437 ;	---------------------------------
                                    438 ; Function drawLine
                                    439 ; ---------------------------------
    000000F8                        440 _drawLine::
                                    441 ;../Z80Mini.c:306: __endasm;
    000000F8 47               [ 4]  442 	ld	b, a
    000000F9 4D               [ 4]  443 	ld	c, l
    000000FA E1               [10]  444 	pop	hl
    000000FB E3               [19]  445 	ex	(sp), hl
    000000FC 55               [ 4]  446 	ld	d, l
    000000FD 5C               [ 4]  447 	ld	e, h
    000000FE CD 4E 01         [17]  448 	call	0x014E
    00000101 C9               [10]  449 	ret
                                    450 ;../Z80Mini.c:307: }
                                    451 ;../Z80Mini.c:309: void fillBox(
                                    452 ;	---------------------------------
                                    453 ; Function fillBox
                                    454 ; ---------------------------------
    00000102                        455 _fillBox::
                                    456 ;../Z80Mini.c:336: __endasm;
    00000102 47               [ 4]  457 	ld	b, a
    00000103 4D               [ 4]  458 	ld	c, l
    00000104 E1               [10]  459 	pop	hl
    00000105 E3               [19]  460 	ex	(sp), hl
    00000106 55               [ 4]  461 	ld	d, l
    00000107 5C               [ 4]  462 	ld	e, h
    00000108 CD 57 01         [17]  463 	call	0x0157
    0000010B C9               [10]  464 	ret
                                    465 ;../Z80Mini.c:337: }
                                    466 ;../Z80Mini.c:339: void drawCircle(
                                    467 ;	---------------------------------
                                    468 ; Function drawCircle
                                    469 ; ---------------------------------
    0000010C                        470 _drawCircle::
                                    471 ;../Z80Mini.c:365: __endasm;
    0000010C 47               [ 4]  472 	ld	b, a
    0000010D 4D               [ 4]  473 	ld	c, l
    0000010E E1               [10]  474 	pop	hl
    0000010F D1               [10]  475 	pop	de
    00000110 D5               [11]  476 	push	de
    00000111 33               [ 6]  477 	inc	sp
    00000112 E5               [11]  478 	push	hl
    00000113 CD 51 01         [17]  479 	call	0x0151
    00000116 C9               [10]  480 	ret
                                    481 ;../Z80Mini.c:366: }
                                    482 ;../Z80Mini.c:368: void fillCircle(
                                    483 ;	---------------------------------
                                    484 ; Function fillCircle
                                    485 ; ---------------------------------
    00000117                        486 _fillCircle::
                                    487 ;../Z80Mini.c:394: __endasm;
    00000117 47               [ 4]  488 	ld	b, a
    00000118 4D               [ 4]  489 	ld	c, l
    00000119 E1               [10]  490 	pop	hl
    0000011A D1               [10]  491 	pop	de
    0000011B D5               [11]  492 	push	de
    0000011C 33               [ 6]  493 	inc	sp
    0000011D E5               [11]  494 	push	hl
    0000011E CD 5A 01         [17]  495 	call	0x015A
    00000121 C9               [10]  496 	ret
                                    497 ;../Z80Mini.c:395: }
                                    498 ;../Z80Mini.c:397: void drawPixel(
                                    499 ;	---------------------------------
                                    500 ; Function drawPixel
                                    501 ; ---------------------------------
    00000122                        502 _drawPixel::
                                    503 ;../Z80Mini.c:413: __endasm;
    00000122 47               [ 4]  504 	ld	b, a
    00000123 4D               [ 4]  505 	ld	c, l
    00000124 CD 54 01         [17]  506 	call	0x0154
    00000127 C9               [10]  507 	ret
                                    508 ;../Z80Mini.c:414: }
                                    509 ;../Z80Mini.c:416: void clearPixel(
                                    510 ;	---------------------------------
                                    511 ; Function clearPixel
                                    512 ; ---------------------------------
    00000128                        513 _clearPixel::
                                    514 ;../Z80Mini.c:432: __endasm;
    00000128 47               [ 4]  515 	ld	b, a
    00000129 4D               [ 4]  516 	ld	c, l
    0000012A CD 72 01         [17]  517 	call	0x0172
    0000012D C9               [10]  518 	ret
                                    519 ;../Z80Mini.c:433: }
                                    520 ;../Z80Mini.c:435: void flipPixel(
                                    521 ;	---------------------------------
                                    522 ; Function flipPixel
                                    523 ; ---------------------------------
    0000012E                        524 _flipPixel::
                                    525 ;../Z80Mini.c:451: __endasm;
    0000012E 47               [ 4]  526 	ld	b, a
    0000012F 4D               [ 4]  527 	ld	c, l
    00000130 CD 75 01         [17]  528 	call	0x0175
    00000133 C9               [10]  529 	ret
                                    530 ;../Z80Mini.c:452: }
                                    531 ;../Z80Mini.c:454: void plotToLCD(void) __naked
                                    532 ;	---------------------------------
                                    533 ; Function plotToLCD
                                    534 ; ---------------------------------
    00000134                        535 _plotToLCD::
                                    536 ;../Z80Mini.c:459: __endasm;
    00000134 CD 5D 01         [17]  537 	call	0x015D
    00000137 C9               [10]  538 	ret
                                    539 ;../Z80Mini.c:460: }
                                    540 ;../Z80Mini.c:466: void printString(uint8_t line, char *txt)
                                    541 ;	---------------------------------
                                    542 ; Function printString
                                    543 ; ---------------------------------
    00000138                        544 _printString::
                                    545 ;../Z80Mini.c:480: __endasm;
                                    546 ;	A = line
                                    547 ;	HL = txt
    00000138 CD 60 01         [17]  548 	call	0x0160
    0000013B C9               [10]  549 	ret
                                    550 ;../Z80Mini.c:481: }
                                    551 ;../Z80Mini.c:483: void printChars(
                                    552 ;	---------------------------------
                                    553 ; Function printChars
                                    554 ; ---------------------------------
    0000013C                        555 _printChars::
                                    556 ;../Z80Mini.c:503: __endasm;
    0000013C 47               [ 4]  557 	ld	b, a
    0000013D 4D               [ 4]  558 	ld	c, l
    0000013E EB               [ 4]  559 	ex	de, hl
    0000013F CD 63 01         [17]  560 	call	0x0163
    00000142 C9               [10]  561 	ret
                                    562 ;../Z80Mini.c:504: }
                                    563 ;../Z80Mini.c:510: void setBufClear(void) __naked
                                    564 ;	---------------------------------
                                    565 ; Function setBufClear
                                    566 ; ---------------------------------
    00000143                        567 _setBufClear::
                                    568 ;../Z80Mini.c:515: __endasm;
    00000143 CD 6C 01         [17]  569 	call	0x016C
    00000146 C9               [10]  570 	ret
                                    571 ;../Z80Mini.c:516: }
                                    572 ;../Z80Mini.c:518: void setBufNoClear(void) __naked
                                    573 ;	---------------------------------
                                    574 ; Function setBufNoClear
                                    575 ; ---------------------------------
    00000147                        576 _setBufNoClear::
                                    577 ;../Z80Mini.c:523: __endasm;
    00000147 CD 6F 01         [17]  578 	call	0x016F
    0000014A C9               [10]  579 	ret
                                    580 ;../Z80Mini.c:524: }
                                    581 ;../Z80Mini.c:530: void drawGraphic(
                                    582 ;	---------------------------------
                                    583 ; Function drawGraphic
                                    584 ; ---------------------------------
    0000014B                        585 _drawGraphic::
                                    586 ;../Z80Mini.c:551: __endasm;
                                    587 ;	A = chr
                                    588 ;	HL = data
                                    589 ;	DE = w/h
    0000014B CD 78 01         [17]  590 	call	0x0178
    0000014E C9               [10]  591 	ret
                                    592 ;../Z80Mini.c:552: }
                                    593 ;../Z80Mini.c:554: void invGraphic(void) __naked
                                    594 ;	---------------------------------
                                    595 ; Function invGraphic
                                    596 ; ---------------------------------
    0000014F                        597 _invGraphic::
                                    598 ;../Z80Mini.c:559: __endasm;
    0000014F CD 7B 01         [17]  599 	call	0x017B
    00000152 C9               [10]  600 	ret
                                    601 ;../Z80Mini.c:560: }
                                    602 ;../Z80Mini.c:566: void initTerminal(void) __naked
                                    603 ;	---------------------------------
                                    604 ; Function initTerminal
                                    605 ; ---------------------------------
    00000153                        606 _initTerminal::
                                    607 ;../Z80Mini.c:571: __endasm;
    00000153 CD 7E 01         [17]  608 	call	0x017E
    00000156 C9               [10]  609 	ret
                                    610 ;../Z80Mini.c:572: }
                                    611 ;../Z80Mini.c:574: void sendCharToLCD(uint8_t c)
                                    612 ;	---------------------------------
                                    613 ; Function sendCharToLCD
                                    614 ; ---------------------------------
    00000157                        615 _sendCharToLCD::
                                    616 ;../Z80Mini.c:582: __endasm;
    00000157 CD 81 01         [17]  617 	call	0x0181
    0000015A C9               [10]  618 	ret
                                    619 ;../Z80Mini.c:583: }
                                    620 ;../Z80Mini.c:585: void sendStringToLCD(
                                    621 ;	---------------------------------
                                    622 ; Function sendStringToLCD
                                    623 ; ---------------------------------
    0000015B                        624 _sendStringToLCD::
                                    625 ;../Z80Mini.c:598: __endasm;
    0000015B EB               [ 4]  626 	ex	de, hl
    0000015C 3E 00            [ 7]  627 	ld	a, #0
    0000015E CD 84 01         [17]  628 	call	0x0184
    00000161 C9               [10]  629 	ret
                                    630 ;../Z80Mini.c:599: }
                                    631 ;../Z80Mini.c:601: void sendRegToLCD(uint8_t v)
                                    632 ;	---------------------------------
                                    633 ; Function sendRegToLCD
                                    634 ; ---------------------------------
    00000162                        635 _sendRegToLCD::
                                    636 ;../Z80Mini.c:609: __endasm;
    00000162 CD 87 01         [17]  637 	call	0x0187
    00000165 C9               [10]  638 	ret
                                    639 ;../Z80Mini.c:610: }
                                    640 ;../Z80Mini.c:612: void sendHLToLCD(uint16_t v)
                                    641 ;	---------------------------------
                                    642 ; Function sendHLToLCD
                                    643 ; ---------------------------------
    00000166                        644 _sendHLToLCD::
                                    645 ;../Z80Mini.c:620: __endasm;
    00000166 CD 8A 01         [17]  646 	call	0x018A
    00000169 C9               [10]  647 	ret
                                    648 ;../Z80Mini.c:621: }
                                    649 ;../Z80Mini.c:623: void setCursor(
                                    650 ;	---------------------------------
                                    651 ; Function setCursor
                                    652 ; ---------------------------------
    0000016A                        653 _setCursor::
                                    654 ;../Z80Mini.c:638: __endasm;
    0000016A 47               [ 4]  655 	ld	b, a
    0000016B 4D               [ 4]  656 	ld	c, l
    0000016C CD 8D 01         [17]  657 	call	0x018D
    0000016F C9               [10]  658 	ret
                                    659 ;../Z80Mini.c:639: }
                                    660 ;../Z80Mini.c:641: uint16_t getCursor(void) __naked
                                    661 ;	---------------------------------
                                    662 ; Function getCursor
                                    663 ; ---------------------------------
    00000170                        664 _getCursor::
                                    665 ;../Z80Mini.c:652: __endasm;
    00000170 CD 90 01         [17]  666 	call	0x0190
    00000173 50               [ 4]  667 	ld	d, b
    00000174 59               [ 4]  668 	ld	e, c
    00000175 C9               [10]  669 	ret
                                    670 ;../Z80Mini.c:653: }
                                    671 ;../Z80Mini.c:655: void displayCursor(uint8_t v)
                                    672 ;	---------------------------------
                                    673 ; Function displayCursor
                                    674 ; ---------------------------------
    00000176                        675 _displayCursor::
                                    676 ;../Z80Mini.c:663: __endasm;
    00000176 CD 93 01         [17]  677 	call	0x0193
    00000179 C9               [10]  678 	ret
                                    679 ;../Z80Mini.c:664: }
                                    680 ;../Z80Mini.c:666: void autoLF(uint8_t v)
                                    681 ;	---------------------------------
                                    682 ; Function autoLF
                                    683 ; ---------------------------------
    0000017A                        684 _autoLF::
                                    685 ;../Z80Mini.c:674: __endasm;
    0000017A CD 96 01         [17]  686 	call	0x0196
    0000017D C9               [10]  687 	ret
                                    688 ;../Z80Mini.c:675: }
                                    689 ;../Z80Mini.c:677: void underline(void) __naked
                                    690 ;	---------------------------------
                                    691 ; Function underline
                                    692 ; ---------------------------------
    0000017E                        693 _underline::
                                    694 ;../Z80Mini.c:682: __endasm;
    0000017E CD 99 01         [17]  695 	call	0x0199
    00000181 C9               [10]  696 	ret
                                    697 ;../Z80Mini.c:683: }
                                    698 ;../Z80Mini.c:685: void plotAlways(uint8_t v)
                                    699 ;	---------------------------------
                                    700 ; Function plotAlways
                                    701 ; ---------------------------------
    00000182                        702 _plotAlways::
                                    703 ;../Z80Mini.c:693: __endasm;
    00000182 CD 9C 01         [17]  704 	call	0x019C
    00000185 C9               [10]  705 	ret
                                    706 ;../Z80Mini.c:694: }
                                    707 	.area _CODE
                                    708 	.area _INITIALIZER
    00000000                        709 __xinit__x:
    00000000 01                     710 	.db #0x01	; 1
    00000001                        711 __xinit__y:
    00000001 01                     712 	.db #0x01	; 1
    00000002                        713 __xinit__vx:
    00000002 01                     714 	.db #0x01	;  1
    00000003                        715 __xinit__vy:
    00000003 01                     716 	.db #0x01	;  1
                                    717 	.area _CABS (ABS)
