ASxxxx Linker V03.00/V05.40 + sdld,  page 1.
Hexadecimal  [32-Bits]

Area                                    Addr        Size        Decimal Bytes (Attributes)
--------------------------------        ----        ----        ------- ----- ------------
.  .ABS.                            00000000    00000000 =           0. bytes (ABS,CON)

      Value  Global                              Global Defined In Module
      -----  --------------------------------   ------------------------
     00000000  .__.ABS.                           
     00000000  l__BSEG                         
     00000000  l__BSS                          
     00000000  l__CABS                         
     00000000  l__DABS                         
     00000000  l__DATA                         
     00000000  l__GSFINAL                      
     00000000  l__GSINIT                       
     00000000  l__HEAP                         
     00000000  l__HOME                         
     00000000  s__CABS                         
     00000000  s__DABS                         
     00000005  l__INITIALIZED                  
     00000005  l__INITIALIZER                  
     00000018  l__MAIN                         
     000002D4  l__CODE                         
     00008000  s__CODE                         
     00008000  s__DATA                         
     00008000  s__INITIALIZED                  
     00008005  s__BSEG                         
     00008005  s__BSS                          
     00008005  s__HEAP                         
     000082D4  s__MAIN                         
     000082EC  s__HOME                         
     000082EC  s__INITIALIZER                  
     000082F1  s__GSFINAL                      
     000082F1  s__GSINIT                       
ASxxxx Linker V03.00/V05.40 + sdld,  page 2.
Hexadecimal  [32-Bits]

Area                                    Addr        Size        Decimal Bytes (Attributes)
--------------------------------        ----        ----        ------- ----- ------------
_CODE                               00008000    000002D4 =         724. bytes (REL,CON)

      Value  Global                              Global Defined In Module
      -----  --------------------------------   ------------------------
     00008000  _main                              main
     00008137  _new_ball                          main
     00008144  _incPontos                         main
     0000814E  _showPontos                        main
     00008162  _showVidas                         main
     00008176  _hitSound                          main
     00008188  _gameoverSound                     main
     0000819A  _fireInvSound                      main
     000081AC  _lcd_clear_buffer                  Z80Mini
     000081B0  _lcd_show_buffer                   Z80Mini
     000081B4  _lcd_set_xy                        Z80Mini
     000081BA  _lcd_drawpixel                     Z80Mini
     000081C0  _lcd_print_char                    Z80Mini
     000081C4  _lcd_print_string                  Z80Mini
     000081CC  _lcd_cursor_on                     Z80Mini
     000081D2  _lcd_cursor_off                    Z80Mini
     000081D8  _lcd_print_byte_to_ascii           Z80Mini
     000081DC  _lcd_print_int_to_ascii            Z80Mini
     000081E0  _lcd_draw_line                     Z80Mini
     000081FA  _lcd_draw_circle                   Z80Mini
     0000820B  _lcd_draw_placar                   Z80Mini
     00008218  _i2c_open                          Z80Mini
     0000821C  _i2c_close                         Z80Mini
     00008220  _i2c_read                          Z80Mini
     00008224  _i2c_write                         Z80Mini
     00008228  _delay_ms                          Z80Mini
     0000822D  _pinOut                            Z80Mini
     00008232  _portOut                           Z80Mini
     00008237  _pinIn                             Z80Mini
     0000823B  _rand                              rand
     000082BD  _srand                             rand
     000082CA  ___sdcc_enter_ix                   

ASxxxx Linker V03.00/V05.40 + sdld,  page 3.
Hexadecimal  [32-Bits]

Area                                    Addr        Size        Decimal Bytes (Attributes)
--------------------------------        ----        ----        ------- ----- ------------
_MAIN                               000082D4    00000018 =          24. bytes (REL,CON)

      Value  Global                              Global Defined In Module
      -----  --------------------------------   ------------------------
ASxxxx Linker V03.00/V05.40 + sdld,  page 4.
Hexadecimal  [32-Bits]

Area                                    Addr        Size        Decimal Bytes (Attributes)
--------------------------------        ----        ----        ------- ----- ------------
_INITIALIZER                        000082EC    00000005 =           5. bytes (REL,CON)

      Value  Global                              Global Defined In Module
      -----  --------------------------------   ------------------------
ASxxxx Linker V03.00/V05.40 + sdld,  page 5.
Hexadecimal  [32-Bits]

Area                                    Addr        Size        Decimal Bytes (Attributes)
--------------------------------        ----        ----        ------- ----- ------------
_INITIALIZED                        00008000    00000005 =           5. bytes (REL,CON)

      Value  Global                              Global Defined In Module
      -----  --------------------------------   ------------------------
     00008000  _pontos                            main

ASxxxx Linker V03.00/V05.40 + sdld,  page 6.

Files Linked                              [ module(s) ]

crt0-z80mini-loadable.rel                 [ crt0 ]
main.rel                                  [ main ]
Z80Mini.rel                               [ Z80Mini ]


Libraries Linked                          [ object file ]

C:\Program Files\SDCC\bin\..\lib\z80/z80.lib
                                          [ rand.rel ]
C:\Program Files\SDCC\bin\..\lib\z80/z80.lib
                                          [ crtenter.rel ]

ASxxxx Linker V03.00/V05.40 + sdld,  page 7.

User Base Address Definitions

_CODE = 0x8000
_DATA = 0x8000

